2026-05-15 22:57:40.233 xcodebuild[51702:851287]  DVTFilePathFSEvents: Failed to start fs event stream.
Command line invocation:
    /Applications/Xcode.app/Contents/Developer/usr/bin/xcodebuild -project "Pure Pets.xcodeproj" -scheme "Pure Pets" -sdk iphonesimulator clean build

Build settings from command line:
    SDKROOT = iphonesimulator26.4

2026-05-15 22:57:40.963 xcodebuild[51702:851286] [MT] DVTAssertions: Warning in DVTFrameworks/DVTFoundation/FileTypes/DVTFileDataTypeDetection.m:80
Details:  detectedTypeIdentifier (com.apple.xml-property-list) does not conform to matchedTypeIdentifier in MagicFileDataTypeDetector extenson com.apple.property-list. When both are specified, this conformance is required unless overridden by setting allowNonInheritance. extension.identifier:Xcode.MagicFileDataTypeDetector.XMLPlist
Object:   <DVTFileDataTypeDetectionMagicCache: 0xafdd47f60>
Method:   -initWithExtension:
Thread:   <_NSMainThread: 0x102b9e1c0>{number = 1, name = main}
Please file a bug at https://feedbackassistant.apple.com with this warning message and any useful information you can provide.
2026-05-15 22:57:40.964 xcodebuild[51702:851286] [MT] DVTAssertions: Warning in DVTFrameworks/DVTFoundation/FileTypes/DVTFileDataTypeDetection.m:80
Details:  detectedTypeIdentifier (com.apple.binary-property-list) does not conform to matchedTypeIdentifier in MagicFileDataTypeDetector extenson com.apple.property-list. When both are specified, this conformance is required unless overridden by setting allowNonInheritance. extension.identifier:Xcode.MagicFileDataTypeDetector.BinaryPlist
Object:   <DVTFileDataTypeDetectionMagicCache: 0xafde56d30>
Method:   -initWithExtension:
Thread:   <_NSMainThread: 0x102b9e1c0>{number = 1, name = main}
Please file a bug at https://feedbackassistant.apple.com with this warning message and any useful information you can provide.
2026-05-15 22:57:41.173 xcodebuild[51702:851286] [MT] IDELogStore: Failed to open log store at /Users/mohammedahmed/Library/Developer/Xcode/DerivedData/Pure_Pets-cgapawyapppjjdarplcvslunfgcc/Logs/Build
2026-05-15 22:57:41.173 xcodebuild[51702:851286] [MT] IDELogStore: Failed to open Build log store: Error Domain=IDEFoundationErrorDomain Code=1 "Unable to create log store directory at '/Users/mohammedahmed/Library/Developer/Xcode/DerivedData/Pure_Pets-cgapawyapppjjdarplcvslunfgcc/Logs/Build': (513) You don’t have permission to save the file “Build” in the folder “Logs”." UserInfo={NSLocalizedDescription=Unable to create log store directory at '/Users/mohammedahmed/Library/Developer/Xcode/DerivedData/Pure_Pets-cgapawyapppjjdarplcvslunfgcc/Logs/Build': (513) You don’t have permission to save the file “Build” in the folder “Logs”.}. User info: {
    NSLocalizedDescription = "Unable to create log store directory at '/Users/mohammedahmed/Library/Developer/Xcode/DerivedData/Pure_Pets-cgapawyapppjjdarplcvslunfgcc/Logs/Build': (513) You don\U2019t have permission to save the file \U201cBuild\U201d in the folder \U201cLogs\U201d.";
}.
2026-05-15 22:57:41.228 xcodebuild[51702:851286] [MT] IDELogStore: Failed to open log store at /Users/mohammedahmed/Library/Developer/Xcode/DerivedData/Pure_Pets-cgapawyapppjjdarplcvslunfgcc/Logs/Localization
2026-05-15 22:57:41.228 xcodebuild[51702:851286] [MT] IDELogStore: Failed to open Localization log store: Error Domain=IDEFoundationErrorDomain Code=1 "Unable to create log store directory at '/Users/mohammedahmed/Library/Developer/Xcode/DerivedData/Pure_Pets-cgapawyapppjjdarplcvslunfgcc/Logs/Localization': (513) You don’t have permission to save the file “Localization” in the folder “Logs”." UserInfo={NSLocalizedDescription=Unable to create log store directory at '/Users/mohammedahmed/Library/Developer/Xcode/DerivedData/Pure_Pets-cgapawyapppjjdarplcvslunfgcc/Logs/Localization': (513) You don’t have permission to save the file “Localization” in the folder “Logs”.}. User info: {
    NSLocalizedDescription = "Unable to create log store directory at '/Users/mohammedahmed/Library/Developer/Xcode/DerivedData/Pure_Pets-cgapawyapppjjdarplcvslunfgcc/Logs/Localization': (513) You don\U2019t have permission to save the file \U201cLocalization\U201d in the folder \U201cLogs\U201d.";
}.
2026-05-15 22:57:41.228 xcodebuild[51702:851286] [MT] IDELogStore: Failed to open log store at /Users/mohammedahmed/Library/Developer/Xcode/DerivedData/Pure_Pets-cgapawyapppjjdarplcvslunfgcc/Logs/Launch
2026-05-15 22:57:41.228 xcodebuild[51702:851286] [MT] IDELogStore: Failed to open Launch log store: Error Domain=IDEFoundationErrorDomain Code=1 "Unable to create log store directory at '/Users/mohammedahmed/Library/Developer/Xcode/DerivedData/Pure_Pets-cgapawyapppjjdarplcvslunfgcc/Logs/Launch': (513) You don’t have permission to save the file “Launch” in the folder “Logs”." UserInfo={NSLocalizedDescription=Unable to create log store directory at '/Users/mohammedahmed/Library/Developer/Xcode/DerivedData/Pure_Pets-cgapawyapppjjdarplcvslunfgcc/Logs/Launch': (513) You don’t have permission to save the file “Launch” in the folder “Logs”.}. User info: {
    NSLocalizedDescription = "Unable to create log store directory at '/Users/mohammedahmed/Library/Developer/Xcode/DerivedData/Pure_Pets-cgapawyapppjjdarplcvslunfgcc/Logs/Launch': (513) You don\U2019t have permission to save the file \U201cLaunch\U201d in the folder \U201cLogs\U201d.";
}.
2026-05-15 22:57:41.254 xcodebuild[51702:851286] [MT] IDELogStore: Failed to open log store at /Users/mohammedahmed/Library/Developer/Xcode/DerivedData/Pure_Pets-cgapawyapppjjdarplcvslunfgcc/Logs/Package
2026-05-15 22:57:41.254 xcodebuild[51702:851286] [MT] IDELogStore: Failed to open Package log store: Error Domain=IDEFoundationErrorDomain Code=1 "Unable to create log store directory at '/Users/mohammedahmed/Library/Developer/Xcode/DerivedData/Pure_Pets-cgapawyapppjjdarplcvslunfgcc/Logs/Package': (513) You don’t have permission to save the file “Package” in the folder “Logs”." UserInfo={NSLocalizedDescription=Unable to create log store directory at '/Users/mohammedahmed/Library/Developer/Xcode/DerivedData/Pure_Pets-cgapawyapppjjdarplcvslunfgcc/Logs/Package': (513) You don’t have permission to save the file “Package” in the folder “Logs”.}. User info: {
    NSLocalizedDescription = "Unable to create log store directory at '/Users/mohammedahmed/Library/Developer/Xcode/DerivedData/Pure_Pets-cgapawyapppjjdarplcvslunfgcc/Logs/Package': (513) You don\U2019t have permission to save the file \U201cPackage\U201d in the folder \U201cLogs\U201d.";
}.
2026-05-15 22:57:41.282 xcodebuild[51702:851286] [MT] IDELogStore: Failed to open log store at /Users/mohammedahmed/Library/Developer/Xcode/DerivedData/Pure_Pets-cgapawyapppjjdarplcvslunfgcc/Logs/Test
2026-05-15 22:57:41.282 xcodebuild[51702:851286] [MT] IDELogStore: Failed to open Test log store: Error Domain=IDEFoundationErrorDomain Code=1 "Unable to create log store directory at '/Users/mohammedahmed/Library/Developer/Xcode/DerivedData/Pure_Pets-cgapawyapppjjdarplcvslunfgcc/Logs/Test': (513) You don’t have permission to save the file “Test” in the folder “Logs”." UserInfo={NSLocalizedDescription=Unable to create log store directory at '/Users/mohammedahmed/Library/Developer/Xcode/DerivedData/Pure_Pets-cgapawyapppjjdarplcvslunfgcc/Logs/Test': (513) You don’t have permission to save the file “Test” in the folder “Logs”.}. User info: {
    NSLocalizedDescription = "Unable to create log store directory at '/Users/mohammedahmed/Library/Developer/Xcode/DerivedData/Pure_Pets-cgapawyapppjjdarplcvslunfgcc/Logs/Test': (513) You don\U2019t have permission to save the file \U201cTest\U201d in the folder \U201cLogs\U201d.";
}.
Resolve Package Graph
Failed to determine if database is empty or not: Unable to open database at path(<AbsolutePath:"/Users/mohammedahmed/Library/Caches/org.swift.swiftpm/package-collection.db">): unable to open database fileFailed to determine if database is empty or not: Unable to open database at path(<AbsolutePath:"/Users/mohammedahmed/Library/Caches/org.swift.swiftpm/package-collection.db">): unable to open database fileYou don’t have permission to save the file “repositories” in the folder “SourcePackages”.
2026-05-15 22:57:41.292 xcodebuild[51702:851286] Writing error result bundle to /var/folders/n6/5p16xph116n5w19rfp1yvvxh0000gn/T/ResultBundle_2026-15-05_22-57-0041.xcresult
xcodebuild: error: Could not resolve package dependencies:
  You don’t have permission to save the file “repositories” in the folder “SourcePackages”.

